{
  "0": {
    "result": {
      "post": {
        "<caller_addr>": {
          "balance": "<balance>",
          "nonce": "<nonce>",
        },
        "<coinbase_addr>": {
          "balance": "<balance>",
        },
      },
      "pre": {
        "<caller_addr>": {
          "balance": "<balance>",
          "nonce": "<nonce>",
        },
        "<coinbase_addr>": {
          "balance": "<balance>",
          "nonce": "<nonce>",
        },
      },
    },
    "txHash": "<tx_hash>",
  },
  "1": {
    "result": {
      "post": {
        "<caller_addr>": {
          "balance": "<balance>",
          "nonce": "<nonce>",
        },
        "<coinbase_addr>": {
          "balance": "<balance>",
        },
        "<contract_addr>": {
          "storage": {
            "0x0000000000000000000000000000000000000000000000000000000000000000": "0x000000000000000000000000000000000000000000000000000000000000002b",
          },
        },
      },
      "pre": {
        "<caller_addr>": {
          "balance": "<balance>",
          "nonce": "<nonce>",
        },
        "<coinbase_addr>": {
          "balance": "<balance>",
          "nonce": "<nonce>",
        },
        "<contract_addr>": {
          "balance": "<balance>",
          "nonce": "<nonce>",
          "storage": {
            "0x0000000000000000000000000000000000000000000000000000000000000000": "0x000000000000000000000000000000000000000000000000000000000000002a",
          },
        },
      },
    },
    "txHash": "<tx_hash>",
  },
}