{
  "baseFeePerGas": "<stripped>",
  "blobGasUsed": "<stripped>",
  "difficulty": "<stripped>",
  "excessBlobGas": "<stripped>",
  "extraData": "<stripped>",
  "gasLimit": "<stripped>",
  "gasUsed": "<stripped>",
  "hash": "<stripped>",
  "logsBloom": "<stripped>",
  "miner": "<stripped>",
  "mixHash": "<stripped>",
  "nonce": "<stripped>",
  "number": "<stripped>",
  "parentBeaconBlockRoot": "<stripped>",
  "parentHash": "<stripped>",
  "receiptsRoot": "<stripped>",
  "requestsHash": "<stripped>",
  "sha3Uncles": "<stripped>",
  "size": "<stripped>",
  "stateRoot": "<stripped>",
  "timestamp": "<stripped>",
  "totalDifficulty": null,
  "transactions": [],
  "transactionsRoot": "<stripped>",
  "uncles": [],
  "withdrawals": [],
  "withdrawalsRoot": "<stripped>",
}