export const snapshot = {};

snapshot[`PVM syscall tracer: flip 1`] = `
{
  baseCallWeight: {
    proof_size: "<number>",
    ref_time: "<number>",
  },
  failed: false,
  gas: "<number>",
  returnValue: "0x",
  structLogs: [
    {
      depth: 1,
      gas: "<number>",
      gasCost: "<number>",
      op: "call_data_size",
      returned: "0x4",
      weightCost: {
        proof_size: "<number>",
        ref_time: "<number>",
      },
    },
    {
      args: [
        "0xfffdfea0",
        "0x0",
      ],
      depth: 1,
      gas: "<number>",
      gasCost: "<number>",
      op: "call_data_load",
      weightCost: {
        proof_size: "<number>",
        ref_time: "<number>",
      },
    },
    {
      args: [
        "0xfffdff40",
      ],
      depth: 1,
      gas: "<number>",
      gasCost: "<number>",
      op: "value_transferred",
      weightCost: {
        proof_size: "<number>",
        ref_time: "<number>",
      },
    },
    {
      args: [
        "0x0",
        "0xfffdfd40",
        "0xffffffff",
        "0xfffdfd60",
        "0xfffdfd80",
      ],
      depth: 1,
      gas: "<number>",
      gasCost: "<number>",
      op: "get_storage",
      returned: "0x0",
      weightCost: {
        proof_size: "<number>",
        ref_time: "<number>",
      },
    },
    {
      args: [
        "0x0",
        "0xfffdfd40",
        "0xffffffff",
        "0xfffdfd60",
        "0x20",
      ],
      depth: 1,
      gas: "<number>",
      gasCost: "<number>",
      op: "set_storage",
      returned: "0x20",
      weightCost: {
        proof_size: "<number>",
        ref_time: "<number>",
      },
    },
    {
      args: [
        "0x0",
        "0x20010",
        "0x0",
      ],
      depth: 1,
      gas: "<number>",
      gasCost: "<number>",
      op: "seal_return",
      weightCost: {
        proof_size: "<number>",
        ref_time: "<number>",
      },
    },
  ],
  weightConsumed: {
    proof_size: "<number>",
    ref_time: "<number>",
  },
}
`;
